// Vitest Snapshot v1, https://vitest.dev/guide/snapshot.html

exports[`HomePage > renders page correctly 1`] = `
<DocumentFragment>
  <h1>
    Todo List
  </h1>
  <form>
    <section>
      <label
        for="todoTask"
      >
        <strong>
          New task
        </strong>
      </label>
      <br />
      <input
        id="todoTask"
        name="todo"
        placeholder="buy chocolate"
        value=""
      />
    </section>
  </form>
  <section>
    <div>
      Add a todo ðŸ‘†
    </div>
  </section>
</DocumentFragment>
`;
